ASxxxx Linker V03.00 + NoICE + sdld,  page 1.
Hexadecimal  [32-Bits]

Area                                    Addr        Size        Decimal Bytes (Attributes)
--------------------------------        ----        ----        ------- ----- ------------
.  .ABS.                            00000000    00000000 =           0. bytes (ABS,CON)

      Value  Global                              Global Defined In Module
      -----  --------------------------------   ------------------------
     00000000  .__.ABS.                           
     00000000  _rRAMG                             
     00000000  l__BASE                         
     00000000  l__BSS                          
     00000000  l__CABS                         
     00000000  l__CODE_0                       
     00000000  l__CRASH_HEADER                 
     00000000  l__CRASH_SCRATCH                
     00000000  l__DABS                         
     00000000  l__EHL_TRAMPOLINE               
     00000000  l__HEADER                       
     00000000  l__HEADER_LCD                   
     00000000  l__HEADER_SIO                   
     00000000  l__HEADER_TIMER                 
     00000000  l__HEAP                         
     00000000  l__HRAM                         
     00000000  l__LIT                          
     00000000  s__CABS                         
     00000000  s__CRASH_HEADER                 
     00000000  s__CRASH_HEADER0                
     00000000  s__CRASH_HEADER1                
     00000000  s__CRASH_SCRATCH                
     00000000  s__CRASH_SCRATCH2               
     00000000  s__DABS                         
     00000000  s__EHL_TRAMPOLINE               
     00000000  s__EHL_TRAMPOLINE0              
     00000000  s__HEADER                       
     00000000  s__HEADER0                      
     00000000  s__HEADER1                      
     00000000  s__HEADER10                     
     00000000  s__HEADER11                     
     00000000  s__HEADER2                      
     00000000  s__HEADER3                      
     00000000  s__HEADER4                      
     00000000  s__HEADER5                      
     00000000  s__HEADER6                      
     00000000  s__HEADER7                      
     00000000  s__HEADER8                      
     00000000  s__HEADER9                      
     00000000  s__HEADER_LCD                   
     00000000  s__HEADER_LCD0                  
     00000000  s__HEADER_SIO                   
     00000000  s__HEADER_SIO0                  
     00000000  s__HEADER_TIMER                 
     00000000  s__HEADER_TIMER0                
     00000000  s__HEADERa                      
     00000000  s__HEADERb                      
     00000000  s__HEADERc                      
     00000000  s__HEADERd                      
     00000000  s__HEADERe                      
ASxxxx Linker V03.00 + NoICE + sdld,  page 2.
Hexadecimal  [32-Bits]

Area                                    Addr        Size        Decimal Bytes (Attributes)
--------------------------------        ----        ----        ------- ----- ------------
.  .ABS.                            00000000    00000000 =           0. bytes (ABS,CON)

      Value  Global                              Global Defined In Module
      -----  --------------------------------   ------------------------
     00000000  s__HEADERf                      
     00000000  s__HRAM                         
     00000000  s__HRAM12                       
     00000001  ___bank_SGB_border_chr             border
     00000001  ___bank_SGB_border_map             border
     00000001  ___bank_SGB_border_pal             border
     00000001  ___bank_VM_SGB                     vm_sgb
     00000001  ___bank_actor_0_interact           actor_0_interact
     00000001  ___bank_bg_underground_tileset     bg_underground_tileset
     00000001  ___bank_font_gbs_mono              font_gbs_mono
     00000001  ___mute_mask_sound_legacy_1        sound_legacy_1
     00000001  b_ui_draw_frame                    ui
     00000001  b_ui_draw_text_buffer_char         ui
     00000001  b_ui_init                          ui
     00000001  b_ui_load_tiles                    ui
     00000001  b_ui_run_menu                      ui
     00000001  b_ui_run_modal                     ui
     00000001  b_ui_set_start_tile                ui
     00000001  l__GSFINAL                      
     00000001  l__HEADER0                      
     00000001  l__HEADER11                     
     00000001  l__HEADER9                      
     00000001  l__HEADERa                      
     00000001  l__HEADERb                      
     00000001  l__HEADERd                      
     00000001  l__HEADERe                      
     00000002  ___bank_ACTOR                      actor
     00000002  ___bank_VM_ACTOR                   vm_actor
     00000002  ___bank_bg_titlescreen_tileset     bg_titlescreen_tileset
     00000002  ___bank_scene_8_init               scene_8_init
     00000002  b_activate_actor                   actor
     00000002  b_activate_actors_in_col           actor
     00000002  b_activate_actors_in_row           actor
     00000002  b_actor_at_tile                    actor
     00000002  b_actor_get_frame_offset           actor
     00000002  b_actor_in_front_of_player         actor
     00000002  b_actor_overlapping_bb             actor
     00000002  b_actor_overlapping_player         actor
     00000002  b_actor_set_anim_idle              actor
     00000002  b_actor_set_anim_moving            actor
     00000002  b_actor_set_dir                    actor
     00000002  b_actor_set_frame_offset           actor
     00000002  b_actor_set_frames                 actor
     00000002  b_actors_handle_player_collision   actor
     00000002  b_actors_init                      actor
     00000002  b_check_collision_in_direction     actor
     00000002  b_deactivate_actor                 actor
     00000002  b_player_init                      actor
     00000002  b_vm_actor_activate                vm_actor
     00000002  b_vm_actor_deactivate              vm_actor
     00000002  b_vm_actor_emote                   vm_actor
ASxxxx Linker V03.00 + NoICE + sdld,  page 3.
Hexadecimal  [32-Bits]

Area                                    Addr        Size        Decimal Bytes (Attributes)
--------------------------------        ----        ----        ------- ----- ------------
.  .ABS.                            00000000    00000000 =           0. bytes (ABS,CON)

      Value  Global                              Global Defined In Module
      -----  --------------------------------   ------------------------
     00000002  b_vm_actor_get_angle               vm_actor
     00000002  b_vm_actor_get_anim_frame          vm_actor
     00000002  b_vm_actor_get_dir                 vm_actor
     00000002  b_vm_actor_get_pos                 vm_actor
     00000002  b_vm_actor_move_cancel             vm_actor
     00000002  b_vm_actor_move_to                 vm_actor
     00000002  b_vm_actor_replace_tile            vm_actor
     00000002  b_vm_actor_set_anim                vm_actor
     00000002  b_vm_actor_set_anim_frame          vm_actor
     00000002  b_vm_actor_set_anim_set            vm_actor
     00000002  b_vm_actor_set_anim_tick           vm_actor
     00000002  b_vm_actor_set_bounds              vm_actor
     00000002  b_vm_actor_set_dir                 vm_actor
     00000002  b_vm_actor_set_flags               vm_actor
     00000002  b_vm_actor_set_move_speed          vm_actor
     00000002  b_vm_actor_set_pos                 vm_actor
     00000002  b_vm_actor_set_spritesheet         vm_actor
     00000002  b_vm_actor_set_spritesheet_by_re   vm_actor
     00000002  b_vm_actor_terminate_update        vm_actor
     00000002  l__HEADER5                      
     00000002  l__HEADERc                      
     00000002  l__HEADERf                      
     00000003  ___bank_VM_MAIN                    vm
     00000003  ___bank_actor_30_interact          actor_30_interact
     00000003  ___bank_bg_detective_malik_copy_   bg_detective_malik_copy_0_ti
     00000003  ___bank_bg_house_wide_tileset      bg_house_wide_tileset
     00000003  b_do_load_palette                  data_manager
     00000003  b_load_background                  data_manager
     00000003  b_load_bkg_tileset                 data_manager
     00000003  b_load_bounds                      data_manager
     00000003  b_load_emote                       data_manager
     00000003  b_load_init                        data_manager
     00000003  b_load_player                      data_manager
     00000003  b_load_scene                       data_manager
     00000003  b_load_sprite                      data_manager
     00000003  b_platform_init                    platform
     00000003  b_platform_update                  platform
     00000003  b_script_detach_hthread            vm
     00000003  b_script_execute                   vm
     00000003  b_script_runner_init               vm
     00000003  b_script_terminate                 vm
     00000003  b_vm_call                          vm
     00000003  b_vm_call_far                      vm
     00000003  b_vm_get_indirect                  vm
     00000003  b_vm_get_int16                     vm
     00000003  b_vm_get_int8                      vm
     00000003  b_vm_get_tlocal                    vm
     00000003  b_vm_get_uint8                     vm
     00000003  b_vm_idle                          vm
     00000003  b_vm_if                            vm
     00000003  b_vm_if_const                      vm
ASxxxx Linker V03.00 + NoICE + sdld,  page 4.
Hexadecimal  [32-Bits]

Area                                    Addr        Size        Decimal Bytes (Attributes)
--------------------------------        ----        ----        ------- ----- ------------
.  .ABS.                            00000000    00000000 =           0. bytes (ABS,CON)

      Value  Global                              Global Defined In Module
      -----  --------------------------------   ------------------------
     00000003  b_vm_init_rng                      vm
     00000003  b_vm_invoke                        vm
     00000003  b_vm_join                          vm
     00000003  b_vm_jump                          vm
     00000003  b_vm_lock                          vm
     00000003  b_vm_loop                          vm
     00000003  b_vm_memcpy                        vm
     00000003  b_vm_memset                        vm
     00000003  b_vm_poll_loaded                   vm
     00000003  b_vm_pop                           vm
     00000003  b_vm_push                          vm
     00000003  b_vm_push_reference                vm
     00000003  b_vm_push_value                    vm
     00000003  b_vm_push_value_ind                vm
     00000003  b_vm_raise                         vm
     00000003  b_vm_rand                          vm
     00000003  b_vm_reserve                       vm
     00000003  b_vm_ret                           vm
     00000003  b_vm_ret_far                       vm
     00000003  b_vm_set                           vm
     00000003  b_vm_set_const                     vm
     00000003  b_vm_set_const_int16               vm
     00000003  b_vm_set_const_int8                vm
     00000003  b_vm_set_indirect                  vm
     00000003  b_vm_set_int16                     vm
     00000003  b_vm_set_int8                      vm
     00000003  b_vm_set_uint8                     vm
     00000003  b_vm_terminate                     vm
     00000003  b_vm_test_terminate                vm
     00000003  b_vm_unlock                        vm
     00000003  b_wait_frames                      vm
     00000003  l__HEADER8                      
     00000003  l__HEADER_LCD0                  
     00000003  l__HRAM12                       
     00000004  ___bank_bg_culprit_copy_1_tilese   bg_culprit_copy_1_tileset
     00000004  ___bank_bg_deer_copy_tileset       bg_deer_copy_tileset
     00000004  ___bank_bg_hotel_penthouse_tiles   bg_hotel_penthouse_tileset
     00000004  ___bank_bg_house_0_tileset         bg_house_0_tileset
     00000004  ___bank_bg_placeholder_copy_tile   bg_placeholder_copy_tileset
     00000004  ___bank_bg_turkey_copy_0_tileset   bg_turkey_copy_0_tileset
     00000004  ___bank_scene_10_sprites           scene_10_sprites
     00000004  ___bank_sprite_player              sprite_player
     00000004  l__CRASH_HEADER1                
     00000004  l__HEADER_SIO0                  
     00000004  l__HEADER_TIMER0                
     00000005  ___bank_VM_UI                      vm_ui
     00000005  ___bank_bg_culprit_copy_0_tilese   bg_culprit_copy_0_tileset
     00000005  ___bank_bg_detective_malik_copy_   bg_detective_malik_copy_tile
     00000005  ___bank_bg_secretary_tileset       bg_secretary_tileset
     00000005  ___bank_sound_legacy_8             sound_legacy_8
     00000005  b_adventure_init                   adventure
ASxxxx Linker V03.00 + NoICE + sdld,  page 5.
Hexadecimal  [32-Bits]

Area                                    Addr        Size        Decimal Bytes (Attributes)
--------------------------------        ----        ----        ------- ----- ------------
.  .ABS.                            00000000    00000000 =           0. bytes (ABS,CON)

      Value  Global                              Global Defined In Module
      -----  --------------------------------   ------------------------
     00000005  b_adventure_update                 adventure
     00000005  b_gbprinter_detect                 gbprinter
     00000005  b_gbprinter_print_overlay          gbprinter
     00000005  b_scroll_init                      scroll
     00000005  b_scroll_repaint                   scroll
     00000005  b_scroll_reset                     scroll
     00000005  b_scroll_update                    scroll
     00000005  b_shmup_init                       shmup
     00000005  b_shmup_update                     shmup
     00000005  b_topdown_init                     topdown
     00000005  b_topdown_update                   topdown
     00000005  b_vm_choice                        vm_ui
     00000005  b_vm_display_text                  vm_ui
     00000005  b_vm_overlay_clear                 vm_ui
     00000005  b_vm_overlay_move_to               vm_ui
     00000005  b_vm_overlay_scroll                vm_ui
     00000005  b_vm_overlay_set_map               vm_ui
     00000005  b_vm_overlay_set_scroll            vm_ui
     00000005  b_vm_overlay_set_submap            vm_ui
     00000005  b_vm_overlay_set_submap_ex         vm_ui
     00000005  b_vm_overlay_setpos                vm_ui
     00000005  b_vm_overlay_show                  vm_ui
     00000005  b_vm_overlay_wait                  vm_ui
     00000005  b_vm_set_font                      vm_ui
     00000005  b_vm_set_text_sound                vm_ui
     00000005  b_vm_switch_text_layer             vm_ui
     00000005  l__CRASH_HEADER0                
     00000005  l__HEADER1                      
     00000006  ___bank_VM_GAMEBOY                 vm_gameboy
     00000006  ___bank_bg_detective_malik_tiles   bg_detective_malik_tileset
     00000006  ___bank_bg_hotel_room_2_tileset    bg_hotel_room_2_tileset
     00000006  ___bank_bg_house_1_tileset         bg_house_1_tileset
     00000006  ___bank_bg_house_tileset           bg_house_tileset
     00000006  ___bank_bg_logo_tileset            bg_logo_tileset
     00000006  ___bank_bg_placeholder_copy_tile   bg_placeholder_copy_tilemap
     00000006  ___bank_bg_placeholder_copy_tile   bg_placeholder_copy_tilemap_
     00000006  ___bank_scene_3_collisions         scene_3_collisions
     00000006  ___bank_scene_5_sprites            scene_5_sprites
     00000006  ___bank_song_template_Data         song_template_Data
     00000006  b_vm_context_prepare               vm_gameboy
     00000006  b_vm_fade                          vm_gameboy
     00000006  b_vm_get_tile_xy                   vm_gameboy
     00000006  b_vm_input_attach                  vm_gameboy
     00000006  b_vm_input_detach                  vm_gameboy
     00000006  b_vm_input_get                     vm_gameboy
     00000006  b_vm_input_wait                    vm_gameboy
     00000006  b_vm_load_tiles                    vm_gameboy
     00000006  b_vm_load_tileset                  vm_gameboy
     00000006  b_vm_poll                          vm_gameboy
     00000006  b_vm_replace_tile                  vm_gameboy
     00000006  b_vm_replace_tile_xy               vm_gameboy
ASxxxx Linker V03.00 + NoICE + sdld,  page 6.
Hexadecimal  [32-Bits]

Area                                    Addr        Size        Decimal Bytes (Attributes)
--------------------------------        ----        ----        ------- ----- ------------
.  .ABS.                            00000000    00000000 =           0. bytes (ABS,CON)

      Value  Global                              Global Defined In Module
      -----  --------------------------------   ------------------------
     00000006  b_vm_rumble                        vm_gameboy
     00000006  b_vm_set_sprite_mode               vm_gameboy
     00000006  b_vm_set_sprites_visible           vm_gameboy
     00000006  b_vm_timer_prepare                 vm_gameboy
     00000006  b_vm_timer_reset                   vm_gameboy
     00000006  b_vm_timer_set                     vm_gameboy
     00000006  b_vm_timer_stop                    vm_gameboy
     00000006  l__HEADER7                      
     00000007  ___bank_bg_culprit_1_copy_tilese   bg_culprit_1_copy_tileset
     00000007  ___bank_bg_detective_malik_copy_   bg_detective_malik_copy_1_ti
     00000007  ___bank_bg_hotel_hallway_1_copy_   bg_hotel_hallway_1_copy_tile
     00000007  ___bank_bg_hotel_hallway_1_tiles   bg_hotel_hallway_1_tileset
     00000007  ___bank_bg_hotel_hallway_copy_0_   bg_hotel_hallway_copy_0_tile
     00000007  ___bank_bg_hotel_lobby_copy_tile   bg_hotel_lobby_copy_tileset
     00000007  ___bank_bg_rabbit_tileset          bg_rabbit_tileset
     00000007  ___bank_bg_turkey_copy_tileset     bg_turkey_copy_tileset
     00000007  ___bank_bg_underground_tilemap_a   bg_underground_tilemap_attr
     00000007  ___bank_script_input_0             script_input_0
     00000007  ___bank_song_song_b_Data           song_song_b_Data
     00000007  ___bank_sprite_actor_animated_ti   sprite_actor_animated_tilese
     00000007  b_core_reset                       core
     00000007  b_core_run                         core
     00000007  b_projectile_launch                projectiles
     00000007  b_projectiles_init                 projectiles
     00000007  l__HEADER2                      
     00000008  ___bank_VM_SIO                     vm_sio
     00000008  ___bank_bg_hotel_hallway_1_copy_   bg_hotel_hallway_1_copy_tile
     00000008  ___bank_bg_hotel_hallway_1_tilem   bg_hotel_hallway_1_tilemap
     00000008  ___bank_bg_hotel_hallway_1_tilem   bg_hotel_hallway_1_tilemap_a
     00000008  ___bank_bg_hotel_hallway_copy_0_   bg_hotel_hallway_copy_0_tile
     00000008  ___bank_bg_hotel_lobby_copy_tile   bg_hotel_lobby_copy_tilemap
     00000008  ___bank_bg_hotel_penthouse_copy_   bg_hotel_penthouse_copy_tile
     00000008  ___bank_bg_hotel_penthouse_copy_   bg_hotel_penthouse_copy_tile
     00000008  ___bank_bg_hotel_penthouse_tilem   bg_hotel_penthouse_tilemap
     00000008  ___bank_bg_hotel_penthouse_tilem   bg_hotel_penthouse_tilemap_a
     00000008  ___bank_bg_suspect_tileset         bg_suspect_tileset
     00000008  ___bank_bg_underground_tilemap     bg_underground_tilemap
     00000008  ___bank_scene_16_collisions        scene_16_collisions
     00000008  ___bank_scene_29_actors            scene_29_actors
     00000008  ___bank_scene_29_collisions        scene_29_collisions
     00000008  ___bank_scene_4_sprites            scene_4_sprites
     00000008  ___bank_scene_8_collisions         scene_8_collisions
     00000008  ___mute_mask_sound_legacy_0        sound_legacy_0
     00000008  ___mute_mask_sound_legacy_2        sound_legacy_2
     00000008  ___mute_mask_sound_legacy_3        sound_legacy_3
     00000008  ___mute_mask_sound_legacy_4        sound_legacy_4
     00000008  ___mute_mask_sound_legacy_5        sound_legacy_5
     00000008  ___mute_mask_sound_legacy_6        sound_legacy_6
     00000008  ___mute_mask_sound_legacy_7        sound_legacy_7
     00000008  ___mute_mask_sound_legacy_8        sound_legacy_8
     00000008  ___mute_mask_sound_legacy_9        sound_legacy_9
ASxxxx Linker V03.00 + NoICE + sdld,  page 7.
Hexadecimal  [32-Bits]

Area                                    Addr        Size        Decimal Bytes (Attributes)
--------------------------------        ----        ----        ------- ----- ------------
.  .ABS.                            00000000    00000000 =           0. bytes (ABS,CON)

      Value  Global                              Global Defined In Module
      -----  --------------------------------   ------------------------
     00000008  b___HandleCrash_banked             
     00000008  b_data_clear                       load_save
     00000008  b_data_init                        load_save
     00000008  b_data_load                        load_save
     00000008  b_data_peek                        load_save
     00000008  b_data_save                        load_save
     00000008  b_fade_applypalettechange          fade_manager
     00000008  b_fade_in                          fade_manager
     00000008  b_fade_in_modal                    fade_manager
     00000008  b_fade_init                        fade_manager
     00000008  b_fade_out                         fade_manager
     00000008  b_fade_out_modal                   fade_manager
     00000008  b_fade_setspeed                    fade_manager
     00000008  b_fade_update                      fade_manager
     00000008  b_pointnclick_init                 pointnclick
     00000008  b_pointnclick_update               pointnclick
     00000008  b_trigger_activate_at              trigger
     00000008  b_trigger_activate_at_intersecti   trigger
     00000008  b_trigger_at_intersection          trigger
     00000008  b_trigger_at_tile                  trigger
     00000008  b_trigger_interact                 trigger
     00000008  b_trigger_reset                    trigger
     00000008  b_vm_sio_exchange                  vm_sio
     00000008  b_vm_sio_set_mode                  vm_sio
     00000008  l__HEADER3                      
     00000009  ___bank_VM_CAMERA                  vm_camera
     00000009  ___bank_VM_PALETTE                 vm_palette
     00000009  ___bank_actor_28_interact          actor_28_interact
     00000009  ___bank_actor_35_interact          actor_35_interact
     00000009  ___bank_actor_39_interact          actor_39_interact
     00000009  ___bank_actor_46_interact          actor_46_interact
     00000009  ___bank_bg_cave_tilemap            bg_cave_tilemap
     00000009  ___bank_bg_cave_tilemap_attr       bg_cave_tilemap_attr
     00000009  ___bank_bg_cave_tileset            bg_cave_tileset
     00000009  ___bank_bg_culprit_1_copy_tilema   bg_culprit_1_copy_tilemap
     00000009  ___bank_bg_culprit_copy_0_tilema   bg_culprit_copy_0_tilemap
     00000009  ___bank_bg_culprit_copy_1_tilema   bg_culprit_copy_1_tilemap
     00000009  ___bank_bg_deer_copy_tilemap       bg_deer_copy_tilemap
     00000009  ___bank_bg_detective_malik_copy_   bg_detective_malik_copy_0_ti
     00000009  ___bank_bg_detective_malik_copy_   bg_detective_malik_copy_1_ti
     00000009  ___bank_bg_detective_malik_copy_   bg_detective_malik_copy_1_ti
     00000009  ___bank_bg_house_0_tilemap         bg_house_0_tilemap
     00000009  ___bank_bg_house_wide_tilemap      bg_house_wide_tilemap
     00000009  ___bank_bg_house_wide_tilemap_at   bg_house_wide_tilemap_attr
     00000009  ___bank_scene_16_actors            scene_16_actors
     00000009  ___bank_scene_1_collisions         scene_1_collisions
     00000009  ___bank_scene_22_collisions        scene_22_collisions
     00000009  ___bank_scene_28_actors            scene_28_actors
     00000009  ___bank_scene_30_collisions        scene_30_collisions
     00000009  ___bank_scene_5_collisions         scene_5_collisions
     00000009  ___bank_scene_6_actors             scene_6_actors
ASxxxx Linker V03.00 + NoICE + sdld,  page 8.
Hexadecimal  [32-Bits]

Area                                    Addr        Size        Decimal Bytes (Attributes)
--------------------------------        ----        ----        ------- ----- ------------
.  .ABS.                            00000000    00000000 =           0. bytes (ABS,CON)

      Value  Global                              Global Defined In Module
      -----  --------------------------------   ------------------------
     00000009  ___bank_scene_6_collisions         scene_6_collisions
     00000009  ___bank_scene_7_collisions         scene_7_collisions
     00000009  ___bank_scene_8_sprites            scene_8_sprites
     00000009  ___bank_scene_9_collisions         scene_9_collisions
     00000009  ___bank_sprite_car01_tileset       sprite_car01_tileset
     00000009  ___bank_sprite_car02_tileset       sprite_car02_tileset
     00000009  ___bank_sprite_car04_tileset       sprite_car04_tileset
     00000009  ___bank_sprite_mouse_tileset       sprite_mouse_tileset
     00000009  b_camera_shake_frames              vm_camera
     00000009  b_set_sgb_border                   sgb_border
     00000009  b_vm_camera_move_to                vm_camera
     00000009  b_vm_camera_set_pos                vm_camera
     00000009  b_vm_load_palette                  vm_palette
     0000000A  ___bank_VM_MATH                    vm_math
     0000000A  ___bank_VM_MUSIC                   vm_music
     0000000A  ___bank_actor_18_interact          actor_18_interact
     0000000A  ___bank_actor_24_interact          actor_24_interact
     0000000A  ___bank_actor_31_interact          actor_31_interact
     0000000A  ___bank_actor_3_update             actor_3_update
     0000000A  ___bank_bg_detective_malik_copy_   bg_detective_malik_copy_tile
     0000000A  ___bank_bg_detective_malik_tilem   bg_detective_malik_tilemap
     0000000A  ___bank_bg_hotel_room_2_tilemap    bg_hotel_room_2_tilemap
     0000000A  ___bank_bg_house_1_tilemap         bg_house_1_tilemap
     0000000A  ___bank_bg_house_tilemap           bg_house_tilemap
     0000000A  ___bank_bg_logo_tilemap            bg_logo_tilemap
     0000000A  ___bank_bg_rabbit_tilemap          bg_rabbit_tilemap
     0000000A  ___bank_bg_secretary_tilemap       bg_secretary_tilemap
     0000000A  ___bank_bg_suspect_tilemap         bg_suspect_tilemap
     0000000A  ___bank_bg_titlescreen_tilemap     bg_titlescreen_tilemap
     0000000A  ___bank_bg_turkey_copy_0_tilemap   bg_turkey_copy_0_tilemap
     0000000A  ___bank_bg_turkey_copy_tilemap     bg_turkey_copy_tilemap
     0000000A  ___bank_scene_0_collisions         scene_0_collisions
     0000000A  ___bank_scene_10_collisions        scene_10_collisions
     0000000A  ___bank_scene_11_actors            scene_11_actors
     0000000A  ___bank_scene_11_collisions        scene_11_collisions
     0000000A  ___bank_scene_12_collisions        scene_12_collisions
     0000000A  ___bank_scene_13_collisions        scene_13_collisions
     0000000A  ___bank_scene_14_collisions        scene_14_collisions
     0000000A  ___bank_scene_15_collisions        scene_15_collisions
     0000000A  ___bank_scene_18_collisions        scene_18_collisions
     0000000A  ___bank_scene_19_collisions        scene_19_collisions
     0000000A  ___bank_scene_20_collisions        scene_20_collisions
     0000000A  ___bank_scene_20_init              scene_20_init
     0000000A  ___bank_scene_21_collisions        scene_21_collisions
     0000000A  ___bank_scene_22_actors            scene_22_actors
     0000000A  ___bank_scene_23_collisions        scene_23_collisions
     0000000A  ___bank_scene_24_collisions        scene_24_collisions
     0000000A  ___bank_scene_25_collisions        scene_25_collisions
     0000000A  ___bank_scene_26_collisions        scene_26_collisions
     0000000A  ___bank_scene_27_collisions        scene_27_collisions
     0000000A  ___bank_scene_28_collisions        scene_28_collisions
ASxxxx Linker V03.00 + NoICE + sdld,  page 9.
Hexadecimal  [32-Bits]

Area                                    Addr        Size        Decimal Bytes (Attributes)
--------------------------------        ----        ----        ------- ----- ------------
.  .ABS.                            00000000    00000000 =           0. bytes (ABS,CON)

      Value  Global                              Global Defined In Module
      -----  --------------------------------   ------------------------
     0000000A  ___bank_scene_2_collisions         scene_2_collisions
     0000000A  ___bank_scene_31_collisions        scene_31_collisions
     0000000A  ___bank_scene_32_collisions        scene_32_collisions
     0000000A  ___bank_scene_33_collisions        scene_33_collisions
     0000000A  ___bank_scene_34_collisions        scene_34_collisions
     0000000A  ___bank_scene_4_actors             scene_4_actors
     0000000A  ___bank_scene_4_collisions         scene_4_collisions
     0000000A  ___bank_scene_8_actors             scene_8_actors
     0000000A  ___bank_sprite_juan_copy_2_tiles   sprite_juan_copy_2_tileset
     0000000A  ___bank_sprite_player_tileset      sprite_player_tileset
     0000000A  b_vm_cos_scale                     vm_math
     0000000A  b_vm_music_mute                    vm_music
     0000000A  b_vm_music_play                    vm_music
     0000000A  b_vm_music_routine                 vm_music
     0000000A  b_vm_music_setpos                  vm_music
     0000000A  b_vm_music_stop                    vm_music
     0000000A  b_vm_sfx_play                      vm_music
     0000000A  b_vm_sin_scale                     vm_math
     0000000A  b_vm_sound_mastervol               vm_music
     0000000B  ___bank_VM_GBPRINTER               vm_gbprinter
     0000000B  ___bank_VM_LOAD_SAVE               vm_load_save
     0000000B  ___bank_VM_PROJECTILE              vm_projectiles
     0000000B  ___bank_VM_RTC                     vm_rtc
     0000000B  ___bank_VM_SCENE                   vm_scene
     0000000B  ___bank_actor_10_interact          actor_10_interact
     0000000B  ___bank_actor_15_interact          actor_15_interact
     0000000B  ___bank_actor_16_interact          actor_16_interact
     0000000B  ___bank_actor_17_interact          actor_17_interact
     0000000B  ___bank_actor_19_interact          actor_19_interact
     0000000B  ___bank_actor_21_interact          actor_21_interact
     0000000B  ___bank_actor_22_interact          actor_22_interact
     0000000B  ___bank_actor_23_interact          actor_23_interact
     0000000B  ___bank_actor_26_interact          actor_26_interact
     0000000B  ___bank_actor_27_interact          actor_27_interact
     0000000B  ___bank_actor_30_update            actor_30_update
     0000000B  ___bank_actor_31_update            actor_31_update
     0000000B  ___bank_actor_32_interact          actor_32_interact
     0000000B  ___bank_actor_32_update            actor_32_update
     0000000B  ___bank_actor_33_interact          actor_33_interact
     0000000B  ___bank_actor_33_update            actor_33_update
     0000000B  ___bank_actor_34_interact          actor_34_interact
     0000000B  ___bank_actor_34_update            actor_34_update
     0000000B  ___bank_actor_35_update            actor_35_update
     0000000B  ___bank_actor_36_interact          actor_36_interact
     0000000B  ___bank_actor_37_interact          actor_37_interact
     0000000B  ___bank_actor_38_interact          actor_38_interact
     0000000B  ___bank_actor_3_interact           actor_3_interact
     0000000B  ___bank_actor_40_update            actor_40_update
     0000000B  ___bank_actor_45_interact          actor_45_interact
     0000000B  ___bank_actor_47_interact          actor_47_interact
     0000000B  ___bank_actor_49_interact          actor_49_interact
ASxxxx Linker V03.00 + NoICE + sdld,  page 10.
Hexadecimal  [32-Bits]

Area                                    Addr        Size        Decimal Bytes (Attributes)
--------------------------------        ----        ----        ------- ----- ------------
.  .ABS.                            00000000    00000000 =           0. bytes (ABS,CON)

      Value  Global                              Global Defined In Module
      -----  --------------------------------   ------------------------
     0000000B  ___bank_actor_4_update             actor_4_update
     0000000B  ___bank_actor_51_update            actor_51_update
     0000000B  ___bank_actor_53_interact          actor_53_interact
     0000000B  ___bank_actor_54_interact          actor_54_interact
     0000000B  ___bank_actor_55_interact          actor_55_interact
     0000000B  ___bank_actor_57_interact          actor_57_interact
     0000000B  ___bank_actor_59_interact          actor_59_interact
     0000000B  ___bank_actor_5_interact           actor_5_interact
     0000000B  ___bank_actor_5_update             actor_5_update
     0000000B  ___bank_actor_64_interact          actor_64_interact
     0000000B  ___bank_actor_66_interact          actor_66_interact
     0000000B  ___bank_actor_67_interact          actor_67_interact
     0000000B  ___bank_actor_68_interact          actor_68_interact
     0000000B  ___bank_actor_73_interact          actor_73_interact
     0000000B  ___bank_actor_79_interact          actor_79_interact
     0000000B  ___bank_actor_79_update            actor_79_update
     0000000B  ___bank_actor_81_interact          actor_81_interact
     0000000B  ___bank_actor_81_update            actor_81_update
     0000000B  ___bank_actor_9_update             actor_9_update
     0000000B  ___bank_frame_image                frame_image
     0000000B  ___bank_scene_16_init              scene_16_init
     0000000B  ___bank_scene_18_init              scene_18_init
     0000000B  ___bank_scene_19_init              scene_19_init
     0000000B  ___bank_scene_30_init              scene_30_init
     0000000B  ___bank_scene_31_init              scene_31_init
     0000000B  ___bank_scene_32_init              scene_32_init
     0000000B  ___bank_scene_33_init              scene_33_init
     0000000B  ___bank_scene_3_actors             scene_3_actors
     0000000B  ___bank_scene_5_actors             scene_5_actors
     0000000B  ___bank_sprite_actor_animated      sprite_actor_animated
     0000000B  ___bank_sprite_actor_tileset       sprite_actor_tileset
     0000000B  ___bank_sprite_car01               sprite_car01
     0000000B  ___bank_sprite_car02               sprite_car02
     0000000B  ___bank_sprite_car04               sprite_car04
     0000000B  ___bank_sprite_carlos_copy_1_til   sprite_carlos_copy_1_tileset
     0000000B  ___bank_sprite_cleaning_lady_cop   sprite_cleaning_lady_copy_ti
     0000000B  ___bank_sprite_juan_copy_0_tiles   sprite_juan_copy_0_tileset
     0000000B  ___bank_sprite_juan_copy_1_tiles   sprite_juan_copy_1_tileset
     0000000B  ___bank_sprite_juan_copy_2         sprite_juan_copy_2
     0000000B  ___bank_sprite_juan_copy_tileset   sprite_juan_copy_tileset
     0000000B  ___bank_sprite_juan_tileset        sprite_juan_tileset
     0000000B  ___bank_sprite_matthew_tileset     sprite_matthew_tileset
     0000000B  ___bank_sprite_mouse               sprite_mouse
     0000000B  ___bank_sprite_npc_3_copy_tilese   sprite_npc_3_copy_tileset
     0000000B  ___bank_sprite_npc_4_tileset       sprite_npc_4_tileset
     0000000B  ___bank_sprite_officer_1_copy_ti   sprite_officer_1_copy_tilese
     0000000B  ___bank_sprite_player_copy_tiles   sprite_player_copy_tileset
     0000000B  ___bank_sprite_seth_tileset        sprite_seth_tileset
     0000000B  ___bank_sprite_snake_tileset       sprite_snake_tileset
     0000000B  ___bank_trigger_38_interact        trigger_38_interact
     0000000B  b_CGBZeroPalette                   palette
ASxxxx Linker V03.00 + NoICE + sdld,  page 11.
Hexadecimal  [32-Bits]

Area                                    Addr        Size        Decimal Bytes (Attributes)
--------------------------------        ----        ----        ------- ----- ------------
.  .ABS.                            00000000    00000000 =           0. bytes (ABS,CON)

      Value  Global                              Global Defined In Module
      -----  --------------------------------   ------------------------
     0000000B  b_SGBTransferPalettes              palette
     0000000B  b_erase_flash                      
     0000000B  b_events_init                      events
     0000000B  b_itoa_fmt                         vm_ui_a
     0000000B  b_music_events_poll                music_manager
     0000000B  b_music_init_driver                music_manager
     0000000B  b_music_init_events                music_manager
     0000000B  b_palette_init                     palette
     0000000B  b_restore_sram                     flasher
     0000000B  b_restore_sram_bank                flasher
     0000000B  b_save_sram                        flasher
     0000000B  b_save_sram_banks                  
     0000000B  b_timers_init                      events
     0000000B  b_vm_print_detect                  vm_gbprinter
     0000000B  b_vm_print_overlay                 vm_gbprinter
     0000000B  b_vm_projectile_launch             vm_projectiles
     0000000B  b_vm_projectile_load_type          vm_projectiles
     0000000B  b_vm_rtc_get                       vm_rtc
     0000000B  b_vm_rtc_latch                     vm_rtc
     0000000B  b_vm_rtc_set                       vm_rtc
     0000000B  b_vm_rtc_start                     vm_rtc
     0000000B  b_vm_save_clear                    vm_load_save
     0000000B  b_vm_save_peek                     vm_load_save
     0000000B  b_vm_scene_pop                     vm_scene
     0000000B  b_vm_scene_pop_all                 vm_scene
     0000000B  b_vm_scene_push                    vm_scene
     0000000B  b_vm_scene_stack_reset             vm_scene
     0000000C  ___bank_actor_11_interact          actor_11_interact
     0000000C  ___bank_actor_12_interact          actor_12_interact
     0000000C  ___bank_actor_13_interact          actor_13_interact
     0000000C  ___bank_actor_14_interact          actor_14_interact
     0000000C  ___bank_actor_1_interact           actor_1_interact
     0000000C  ___bank_actor_20_interact          actor_20_interact
     0000000C  ___bank_actor_2_interact           actor_2_interact
     0000000C  ___bank_actor_40_interact          actor_40_interact
     0000000C  ___bank_actor_41_interact          actor_41_interact
     0000000C  ___bank_actor_42_interact          actor_42_interact
     0000000C  ___bank_actor_44_interact          actor_44_interact
     0000000C  ___bank_actor_4_interact           actor_4_interact
     0000000C  ___bank_actor_51_interact          actor_51_interact
     0000000C  ___bank_actor_6_interact           actor_6_interact
     0000000C  ___bank_actor_74_interact          actor_74_interact
     0000000C  ___bank_actor_75_interact          actor_75_interact
     0000000C  ___bank_actor_76_interact          actor_76_interact
     0000000C  ___bank_actor_77_interact          actor_77_interact
     0000000C  ___bank_actor_78_interact          actor_78_interact
     0000000C  ___bank_actor_7_interact           actor_7_interact
     0000000C  ___bank_actor_8_interact           actor_8_interact
     0000000C  ___bank_actor_9_interact           actor_9_interact
     0000000C  ___bank_bg_cave                    bg_cave
     0000000C  ___bank_bg_culprit_1_copy          bg_culprit_1_copy
ASxxxx Linker V03.00 + NoICE + sdld,  page 12.
Hexadecimal  [32-Bits]

Area                                    Addr        Size        Decimal Bytes (Attributes)
--------------------------------        ----        ----        ------- ----- ------------
.  .ABS.                            00000000    00000000 =           0. bytes (ABS,CON)

      Value  Global                              Global Defined In Module
      -----  --------------------------------   ------------------------
     0000000C  ___bank_bg_culprit_copy_0          bg_culprit_copy_0
     0000000C  ___bank_bg_culprit_copy_1          bg_culprit_copy_1
     0000000C  ___bank_bg_deer_copy               bg_deer_copy
     0000000C  ___bank_bg_detective_malik         bg_detective_malik
     0000000C  ___bank_bg_detective_malik_copy    bg_detective_malik_copy
     0000000C  ___bank_bg_detective_malik_copy_   bg_detective_malik_copy_0
     0000000C  ___bank_bg_detective_malik_copy_   bg_detective_malik_copy_1
     0000000C  ___bank_bg_hotel_hallway_1         bg_hotel_hallway_1
     0000000C  ___bank_bg_hotel_hallway_1_copy    bg_hotel_hallway_1_copy
     0000000C  ___bank_bg_hotel_hallway_copy_0    bg_hotel_hallway_copy_0
     0000000C  ___bank_bg_hotel_lobby_copy        bg_hotel_lobby_copy
     0000000C  ___bank_bg_hotel_penthouse         bg_hotel_penthouse
     0000000C  ___bank_bg_hotel_penthouse_copy    bg_hotel_penthouse_copy
     0000000C  ___bank_bg_hotel_room_2            bg_hotel_room_2
     0000000C  ___bank_bg_house                   bg_house
     0000000C  ___bank_bg_house_0                 bg_house_0
     0000000C  ___bank_bg_house_1                 bg_house_1
     0000000C  ___bank_bg_house_wide              bg_house_wide
     0000000C  ___bank_bg_logo                    bg_logo
     0000000C  ___bank_bg_placeholder_copy        bg_placeholder_copy
     0000000C  ___bank_bg_rabbit                  bg_rabbit
     0000000C  ___bank_bg_secretary               bg_secretary
     0000000C  ___bank_bg_suspect                 bg_suspect
     0000000C  ___bank_bg_titlescreen             bg_titlescreen
     0000000C  ___bank_bg_turkey_copy             bg_turkey_copy
     0000000C  ___bank_bg_turkey_copy_0           bg_turkey_copy_0
     0000000C  ___bank_bg_underground             bg_underground
     0000000C  ___bank_bootstrap_script           
     0000000C  ___bank_cursor_image               cursor_image
     0000000C  ___bank_palette_0                  palette_0
     0000000C  ___bank_palette_1                  palette_1
     0000000C  ___bank_palette_2                  palette_2
     0000000C  ___bank_scene_0                    scene_0
     0000000C  ___bank_scene_0_init               scene_0_init
     0000000C  ___bank_scene_1                    scene_1
     0000000C  ___bank_scene_10                   scene_10
     0000000C  ___bank_scene_10_actors            scene_10_actors
     0000000C  ___bank_scene_10_init              scene_10_init
     0000000C  ___bank_scene_10_triggers          scene_10_triggers
     0000000C  ___bank_scene_11                   scene_11
     0000000C  ___bank_scene_11_init              scene_11_init
     0000000C  ___bank_scene_11_sprites           scene_11_sprites
     0000000C  ___bank_scene_11_triggers          scene_11_triggers
     0000000C  ___bank_scene_12                   scene_12
     0000000C  ___bank_scene_12_init              scene_12_init
     0000000C  ___bank_scene_12_triggers          scene_12_triggers
     0000000C  ___bank_scene_13                   scene_13
     0000000C  ___bank_scene_13_actors            scene_13_actors
     0000000C  ___bank_scene_13_init              scene_13_init
     0000000C  ___bank_scene_13_sprites           scene_13_sprites
     0000000C  ___bank_scene_13_triggers          scene_13_triggers
ASxxxx Linker V03.00 + NoICE + sdld,  page 13.
Hexadecimal  [32-Bits]

Area                                    Addr        Size        Decimal Bytes (Attributes)
--------------------------------        ----        ----        ------- ----- ------------
.  .ABS.                            00000000    00000000 =           0. bytes (ABS,CON)

      Value  Global                              Global Defined In Module
      -----  --------------------------------   ------------------------
     0000000C  ___bank_scene_14                   scene_14
     0000000C  ___bank_scene_14_actors            scene_14_actors
     0000000C  ___bank_scene_14_init              scene_14_init
     0000000C  ___bank_scene_14_sprites           scene_14_sprites
     0000000C  ___bank_scene_14_triggers          scene_14_triggers
     0000000C  ___bank_scene_15                   scene_15
     0000000C  ___bank_scene_15_actors            scene_15_actors
     0000000C  ___bank_scene_15_init              scene_15_init
     0000000C  ___bank_scene_15_sprites           scene_15_sprites
     0000000C  ___bank_scene_15_triggers          scene_15_triggers
     0000000C  ___bank_scene_16                   scene_16
     0000000C  ___bank_scene_16_sprites           scene_16_sprites
     0000000C  ___bank_scene_16_triggers          scene_16_triggers
     0000000C  ___bank_scene_18                   scene_18
     0000000C  ___bank_scene_19                   scene_19
     0000000C  ___bank_scene_1_init               scene_1_init
     0000000C  ___bank_scene_1_triggers           scene_1_triggers
     0000000C  ___bank_scene_2                    scene_2
     0000000C  ___bank_scene_20                   scene_20
     0000000C  ___bank_scene_21                   scene_21
     0000000C  ___bank_scene_21_init              scene_21_init
     0000000C  ___bank_scene_22                   scene_22
     0000000C  ___bank_scene_22_init              scene_22_init
     0000000C  ___bank_scene_22_sprites           scene_22_sprites
     0000000C  ___bank_scene_22_triggers          scene_22_triggers
     0000000C  ___bank_scene_23                   scene_23
     0000000C  ___bank_scene_23_init              scene_23_init
     0000000C  ___bank_scene_24                   scene_24
     0000000C  ___bank_scene_24_init              scene_24_init
     0000000C  ___bank_scene_25                   scene_25
     0000000C  ___bank_scene_25_init              scene_25_init
     0000000C  ___bank_scene_26                   scene_26
     0000000C  ___bank_scene_26_init              scene_26_init
     0000000C  ___bank_scene_27                   scene_27
     0000000C  ___bank_scene_27_init              scene_27_init
     0000000C  ___bank_scene_28                   scene_28
     0000000C  ___bank_scene_28_init              scene_28_init
     0000000C  ___bank_scene_28_sprites           scene_28_sprites
     0000000C  ___bank_scene_28_triggers          scene_28_triggers
     0000000C  ___bank_scene_29                   scene_29
     0000000C  ___bank_scene_29_init              scene_29_init
     0000000C  ___bank_scene_29_sprites           scene_29_sprites
     0000000C  ___bank_scene_29_triggers          scene_29_triggers
     0000000C  ___bank_scene_2_init               scene_2_init
     0000000C  ___bank_scene_3                    scene_3
     0000000C  ___bank_scene_30                   scene_30
     0000000C  ___bank_scene_30_actors            scene_30_actors
     0000000C  ___bank_scene_30_sprites           scene_30_sprites
     0000000C  ___bank_scene_30_triggers          scene_30_triggers
     0000000C  ___bank_scene_31                   scene_31
     0000000C  ___bank_scene_32                   scene_32
ASxxxx Linker V03.00 + NoICE + sdld,  page 14.
Hexadecimal  [32-Bits]

Area                                    Addr        Size        Decimal Bytes (Attributes)
--------------------------------        ----        ----        ------- ----- ------------
.  .ABS.                            00000000    00000000 =           0. bytes (ABS,CON)

      Value  Global                              Global Defined In Module
      -----  --------------------------------   ------------------------
     0000000C  ___bank_scene_33                   scene_33
     0000000C  ___bank_scene_34                   scene_34
     0000000C  ___bank_scene_34_init              scene_34_init
     0000000C  ___bank_scene_3_init               scene_3_init
     0000000C  ___bank_scene_3_sprites            scene_3_sprites
     0000000C  ___bank_scene_3_triggers           scene_3_triggers
     0000000C  ___bank_scene_4                    scene_4
     0000000C  ___bank_scene_4_init               scene_4_init
     0000000C  ___bank_scene_4_triggers           scene_4_triggers
     0000000C  ___bank_scene_5                    scene_5
     0000000C  ___bank_scene_5_init               scene_5_init
     0000000C  ___bank_scene_5_triggers           scene_5_triggers
     0000000C  ___bank_scene_6                    scene_6
     0000000C  ___bank_scene_6_init               scene_6_init
     0000000C  ___bank_scene_6_sprites            scene_6_sprites
     0000000C  ___bank_scene_6_triggers           scene_6_triggers
     0000000C  ___bank_scene_7                    scene_7
     0000000C  ___bank_scene_7_init               scene_7_init
     0000000C  ___bank_scene_7_triggers           scene_7_triggers
     0000000C  ___bank_scene_8                    scene_8
     0000000C  ___bank_scene_8_triggers           scene_8_triggers
     0000000C  ___bank_scene_9                    scene_9
     0000000C  ___bank_scene_9_init               scene_9_init
     0000000C  ___bank_scene_9_triggers           scene_9_triggers
     0000000C  ___bank_script_engine_init         
     0000000C  ___bank_script_input_1             script_input_1
     0000000C  ___bank_script_input_2             script_input_2
     0000000C  ___bank_sound_legacy_0             sound_legacy_0
     0000000C  ___bank_sound_legacy_1             sound_legacy_1
     0000000C  ___bank_sound_legacy_2             sound_legacy_2
     0000000C  ___bank_sound_legacy_3             sound_legacy_3
     0000000C  ___bank_sound_legacy_4             sound_legacy_4
     0000000C  ___bank_sound_legacy_5             sound_legacy_5
     0000000C  ___bank_sound_legacy_6             sound_legacy_6
     0000000C  ___bank_sound_legacy_7             sound_legacy_7
     0000000C  ___bank_sound_legacy_9             sound_legacy_9
     0000000C  ___bank_sprite_actor               sprite_actor
     0000000C  ___bank_sprite_animals_copy        sprite_animals_copy
     0000000C  ___bank_sprite_animals_copy_tile   sprite_animals_copy_tileset
     0000000C  ___bank_sprite_box                 sprite_box
     0000000C  ___bank_sprite_box_tileset         sprite_box_tileset
     0000000C  ___bank_sprite_carlos_copy         sprite_carlos_copy
     0000000C  ___bank_sprite_carlos_copy_0       sprite_carlos_copy_0
     0000000C  ___bank_sprite_carlos_copy_0_til   sprite_carlos_copy_0_tileset
     0000000C  ___bank_sprite_carlos_copy_1       sprite_carlos_copy_1
     0000000C  ___bank_sprite_carlos_copy_tiles   sprite_carlos_copy_tileset
     0000000C  ___bank_sprite_cat                 sprite_cat
     0000000C  ___bank_sprite_cat_tileset         sprite_cat_tileset
     0000000C  ___bank_sprite_chest               sprite_chest
     0000000C  ___bank_sprite_chest_tileset       sprite_chest_tileset
     0000000C  ___bank_sprite_cleaning_lady_cop   sprite_cleaning_lady_copy
ASxxxx Linker V03.00 + NoICE + sdld,  page 15.
Hexadecimal  [32-Bits]

Area                                    Addr        Size        Decimal Bytes (Attributes)
--------------------------------        ----        ----        ------- ----- ------------
.  .ABS.                            00000000    00000000 =           0. bytes (ABS,CON)

      Value  Global                              Global Defined In Module
      -----  --------------------------------   ------------------------
     0000000C  ___bank_sprite_dead_body_copy      sprite_dead_body_copy
     0000000C  ___bank_sprite_dead_body_copy_ti   sprite_dead_body_copy_tilese
     0000000C  ___bank_sprite_dog                 sprite_dog
     0000000C  ___bank_sprite_dog_tileset         sprite_dog_tileset
     0000000C  ___bank_sprite_hidden_stairs       sprite_hidden_stairs
     0000000C  ___bank_sprite_hidden_stairs_til   sprite_hidden_stairs_tileset
     0000000C  ___bank_sprite_ice                 sprite_ice
     0000000C  ___bank_sprite_ice_tileset         sprite_ice_tileset
     0000000C  ___bank_sprite_juan                sprite_juan
     0000000C  ___bank_sprite_juan_copy           sprite_juan_copy
     0000000C  ___bank_sprite_juan_copy_0         sprite_juan_copy_0
     0000000C  ___bank_sprite_juan_copy_1         sprite_juan_copy_1
     0000000C  ___bank_sprite_matthew             sprite_matthew
     0000000C  ___bank_sprite_npc_1               sprite_npc_1
     0000000C  ___bank_sprite_npc_1_tileset       sprite_npc_1_tileset
     0000000C  ___bank_sprite_npc_2               sprite_npc_2
     0000000C  ___bank_sprite_npc_2_tileset       sprite_npc_2_tileset
     0000000C  ___bank_sprite_npc_3               sprite_npc_3
     0000000C  ___bank_sprite_npc_3_copy          sprite_npc_3_copy
     0000000C  ___bank_sprite_npc_3_tileset       sprite_npc_3_tileset
     0000000C  ___bank_sprite_npc_4               sprite_npc_4
     0000000C  ___bank_sprite_officer_1_copy      sprite_officer_1_copy
     0000000C  ___bank_sprite_player_copy         sprite_player_copy
     0000000C  ___bank_sprite_rock                sprite_rock
     0000000C  ___bank_sprite_rock_tileset        sprite_rock_tileset
     0000000C  ___bank_sprite_seth                sprite_seth
     0000000C  ___bank_sprite_signpost            sprite_signpost
     0000000C  ___bank_sprite_signpost_tileset    sprite_signpost_tileset
     0000000C  ___bank_sprite_snake               sprite_snake
     0000000C  ___bank_sprite_static              sprite_static
     0000000C  ___bank_sprite_static_tileset      sprite_static_tileset
     0000000C  ___bank_sprite_vent_5              sprite_vent_5
     0000000C  ___bank_sprite_vent_5_tileset      sprite_vent_5_tileset
     0000000C  ___bank_spritesheet_none           spritesheet_none
     0000000C  ___bank_trigger_0_interact         trigger_0_interact
     0000000C  ___bank_trigger_10_interact        trigger_10_interact
     0000000C  ___bank_trigger_11_interact        trigger_11_interact
     0000000C  ___bank_trigger_12_interact        trigger_12_interact
     0000000C  ___bank_trigger_13_interact        trigger_13_interact
     0000000C  ___bank_trigger_14_interact        trigger_14_interact
     0000000C  ___bank_trigger_15_interact        trigger_15_interact
     0000000C  ___bank_trigger_16_interact        trigger_16_interact
     0000000C  ___bank_trigger_17_interact        trigger_17_interact
     0000000C  ___bank_trigger_18_interact        trigger_18_interact
     0000000C  ___bank_trigger_19_interact        trigger_19_interact
     0000000C  ___bank_trigger_1_interact         trigger_1_interact
     0000000C  ___bank_trigger_20_interact        trigger_20_interact
     0000000C  ___bank_trigger_21_interact        trigger_21_interact
     0000000C  ___bank_trigger_22_interact        trigger_22_interact
     0000000C  ___bank_trigger_23_interact        trigger_23_interact
     0000000C  ___bank_trigger_24_interact        trigger_24_interact
ASxxxx Linker V03.00 + NoICE + sdld,  page 16.
Hexadecimal  [32-Bits]

Area                                    Addr        Size        Decimal Bytes (Attributes)
--------------------------------        ----        ----        ------- ----- ------------
.  .ABS.                            00000000    00000000 =           0. bytes (ABS,CON)

      Value  Global                              Global Defined In Module
      -----  --------------------------------   ------------------------
     0000000C  ___bank_trigger_25_interact        trigger_25_interact
     0000000C  ___bank_trigger_26_interact        trigger_26_interact
     0000000C  ___bank_trigger_27_interact        trigger_27_interact
     0000000C  ___bank_trigger_28_interact        trigger_28_interact
     0000000C  ___bank_trigger_29_interact        trigger_29_interact
     0000000C  ___bank_trigger_2_interact         trigger_2_interact
     0000000C  ___bank_trigger_30_interact        trigger_30_interact
     0000000C  ___bank_trigger_31_interact        trigger_31_interact
     0000000C  ___bank_trigger_32_interact        trigger_32_interact
     0000000C  ___bank_trigger_33_interact        trigger_33_interact
     0000000C  ___bank_trigger_34_interact        trigger_34_interact
     0000000C  ___bank_trigger_35_interact        trigger_35_interact
     0000000C  ___bank_trigger_36_interact        trigger_36_interact
     0000000C  ___bank_trigger_37_interact        trigger_37_interact
     0000000C  ___bank_trigger_3_interact         trigger_3_interact
     0000000C  ___bank_trigger_4_interact         trigger_4_interact
     0000000C  ___bank_trigger_5_interact         trigger_5_interact
     0000000C  ___bank_trigger_6_interact         trigger_6_interact
     0000000C  ___bank_trigger_7_interact         trigger_7_interact
     0000000C  ___bank_trigger_8_interact         trigger_8_interact
     0000000C  ___bank_trigger_9_interact         trigger_9_interact
     0000000C  __start_save                    
     0000000C  b_SIO_init                         sio
     0000000C  b_camera_init                      camera
     0000000C  b_camera_reset                     camera
     0000000C  b_input_init                       input
     0000000C  b_logo_init                        logo
     0000000C  b_logo_update                      logo
     0000000C  b_parallax_init                    parallax
     0000000C  b_remove_LCD_ISRs                  interrupts
     0000000C  b_scroll_rect                      
     00000011  l__EHL_TRAMPOLINE0              
     00000019  l__INITIALIZED                  
     00000019  l__INITIALIZER                  
     0000002D  l__GSINIT                       
     00000030  l__HEADER6                      
     0000004E  l__HEADER4                      
     00000080  ___size_SGB_border_pal             border
     00000082  l__HEADER10                     
     000001CB  l__CRASH_SCRATCH2               
     00000200  s__CODE                         
     00000700  ___size_SGB_border_map             border
     000007A4  l__CODE                         
     000009A4  s__HOME                         
     00001280  ___size_SGB_border_chr             border
     0000197C  l__DATA                         
     00002000  _rROMB0                            
     00002ACD  l__CODE_12                      
     00002CDC  l__HOME                         
     00003000  _rROMB1                            
     00003680  s__BASE                         
ASxxxx Linker V03.00 + NoICE + sdld,  page 17.
Hexadecimal  [32-Bits]

Area                                    Addr        Size        Decimal Bytes (Attributes)
--------------------------------        ----        ----        ------- ----- ------------
.  .ABS.                            00000000    00000000 =           0. bytes (ABS,CON)

      Value  Global                              Global Defined In Module
      -----  --------------------------------   ------------------------
     00003680  s__CODE_0                       
     00003680  s__INITIALIZER                  
     00003680  s__LIT                          
     00003699  s__GSINIT                       
     000036C6  s__GSFINAL                      
     00003FF3  l__CODE_1                       
     00004000  _RTC_SELECT_REG                    vm_rtc
     00004000  _rRAMB                             
     00004000  l__CODE_10                      
     00004000  l__CODE_11                      
     00004000  l__CODE_2                       
     00004000  l__CODE_3                       
     00004000  l__CODE_4                       
     00004000  l__CODE_5                       
     00004000  l__CODE_6                       
     00004000  l__CODE_7                       
     00004000  l__CODE_8                       
     00004000  l__CODE_9                       
     00006000  _RTC_LATCH_REG                     vm_rtc
     00008000  __VRAM                             
     00008000  __VRAM8000                         
     00008800  __VRAM8800                         
     00009000  __VRAM9000                         
     00009800  __SCRN0                            
     00009C00  __SCRN1                            
     0000A000  _RTC_VALUE_REG                     vm_rtc
     0000A000  __SRAM                             
     0000C000  __RAM                              
     0000C000  _shadow_OAM                     
     0000C0A0  s__DATA                         
     0000D000  __RAMBANK                          
     0000DA1C  s__BSS                          
     0000DA1C  s__INITIALIZED                  
     0000DA35  s__HEAP                         
     0000DF00  .STACK                          
     0000DF00  _shadow_OAM2                       absolute
     0000DFA0  _BkgPalette                        absolute
     0000DFE0  _vwf_tile_data                     absolute
     0000FE00  __OAMRAM                           
     0000FF00  _P1_REG                            
     0000FF00  __IO                               
     0000FF01  _SB_REG                            
     0000FF02  _SC_REG                            
     0000FF04  _DIV_REG                           
     0000FF05  _TIMA_REG                          
     0000FF06  _TMA_REG                           
     0000FF07  _TAC_REG                           
     0000FF0F  _IF_REG                            
     0000FF10  _NR10_REG                          
     0000FF11  _NR11_REG                          
     0000FF12  _NR12_REG                          
ASxxxx Linker V03.00 + NoICE + sdld,  page 18.
Hexadecimal  [32-Bits]

Area                                    Addr        Size        Decimal Bytes (Attributes)
--------------------------------        ----        ----        ------- ----- ------------
.  .ABS.                            00000000    00000000 =           0. bytes (ABS,CON)

      Value  Global                              Global Defined In Module
      -----  --------------------------------   ------------------------
     0000FF13  _NR13_REG                          
     0000FF14  _NR14_REG                          
     0000FF16  _NR21_REG                          
     0000FF17  _NR22_REG                          
     0000FF18  _NR23_REG                          
     0000FF19  _NR24_REG                          
     0000FF1A  _NR30_REG                          
     0000FF1B  _NR31_REG                          
     0000FF1C  _NR32_REG                          
     0000FF1D  _NR33_REG                          
     0000FF1E  _NR34_REG                          
     0000FF20  _NR41_REG                          
     0000FF21  _NR42_REG                          
     0000FF22  _NR43_REG                          
     0000FF23  _NR44_REG                          
     0000FF24  _NR50_REG                          
     0000FF25  _NR51_REG                          
     0000FF26  _NR52_REG                          
     0000FF30  _AUD3WAVE                          
     0000FF30  _PCM_SAMPLE                        
     0000FF30  __AUD3WAVERAM                      
     0000FF40  _LCDC_REG                          
     0000FF41  _STAT_REG                          
     0000FF42  _SCY_REG                           
     0000FF43  _SCX_REG                           
     0000FF44  _LY_REG                            
     0000FF45  _LYC_REG                           
     0000FF46  _DMA_REG                           
     0000FF47  _BGP_REG                           
     0000FF48  _OBP0_REG                          
     0000FF49  _OBP1_REG                          
     0000FF4A  _WY_REG                            
     0000FF4B  _WX_REG                            
     0000FF4D  _KEY1_REG                          
     0000FF4F  _VBK_REG                           
     0000FF51  _HDMA1_REG                         
     0000FF52  _HDMA2_REG                         
     0000FF53  _HDMA3_REG                         
     0000FF54  _HDMA4_REG                         
     0000FF55  _HDMA5_REG                         
     0000FF56  _RP_REG                            
     0000FF68  _BCPS_REG                          
     0000FF69  _BCPD_REG                          
     0000FF6A  _OCPS_REG                          
     0000FF6B  _OCPD_REG                          
     0000FF70  _SVBK_REG                          
     0000FF76  _PCM12_REG                         
     0000FF77  _PCM34_REG                         
     0000FF80  .refresh_OAM                    
     0000FF80  __HRAM                             
     0000FFFF  _IE_REG                            
ASxxxx Linker V03.00 + NoICE + sdld,  page 19.
Hexadecimal  [32-Bits]

Area                                    Addr        Size        Decimal Bytes (Attributes)
--------------------------------        ----        ----        ------- ----- ------------
.  .ABS.                            00000000    00000000 =           0. bytes (ABS,CON)

      Value  Global                              Global Defined In Module
      -----  --------------------------------   ------------------------
     00014000  s__CODE_1                       
     00024000  s__CODE_2                       
     00034000  s__CODE_3                       
     00044000  s__CODE_4                       
     00054000  s__CODE_5                       
     00064000  s__CODE_6                       
     00074000  s__CODE_7                       
     00084000  s__CODE_8                       
     00094000  s__CODE_9                       
     000A4000  s__CODE_10                      
     000B4000  s__CODE_11                      
     000C4000  s__CODE_12                      

ASxxxx Linker V03.00 + NoICE + sdld,  page 20.
Hexadecimal  [32-Bits]

Area                                    Addr        Size        Decimal Bytes (Attributes)
--------------------------------        ----        ----        ------- ----- ------------
_CODE                               00000200    000007A4 =        1956. bytes (REL,CON)

      Value  Global                              Global Defined In Module
      -----  --------------------------------   ------------------------
     00000200  ___HandleCrash                     
     0000020A  _SIO_send_byte                     
     0000021D  _SIO_receive                       
     0000022E  _SetTile                           
     0000023D  _set_win_tile_xy                   
     00000242  _set_bkg_tile_xy                   
     00000265  _GetWinAddr                        
     0000026D  _GetBkgAddr                        
     0000027B  _state_init                        
     00000280  _state_update                      
     000002A2  _ui_time_masks                     
     000002AA  _ui_print_shift_char               
     0000032D  _ui_draw_frame_row                 
     00000336  .ui_draw_frame_row                 
     0000035F  _script_cmds                       vm_instructions
     00000593  _save_signature                    game_signature
     00000597  _start_scene_x                     
     00000599  _start_scene_y                     
     0000059B  _start_scene_dir                   
     0000059C  _start_scene                       
     0000059F  _start_player_move_speed           
     000005A0  _start_player_anim_tick            
     000005A1  _ui_fonts                          
     000005A4  _core_reset_hook                   main
     000005AC  _main                              main
     000005B4  _state_start_fns                   
     000005C6  _state_update_fns                  
     000005D8  _get_vram_byte                     
     000005E5  _get_win_tile_xy                   
     000005ED  _get_bkg_tile_xy                   
     00000614  _set_sprite_palette                CGB
     00000619  _set_bkg_palette                   CGB
     0000061C  .set_palette                       CGB
     0000063B  _set_sprite_palette_entry          CGB
     00000640  _set_bkg_palette_entry             CGB
     00000643  .set_palette_entry                 CGB
     0000067C  gbt_get_pattern_ptr_banked         
     0000069B  _gbt_play                          
     00000756  _gbt_pause                         
     00000767  _gbt_loop                          
     0000076E  _gbt_stop                          
     00000779  _gbt_enable_channels               
     00000780  _gbt_update                        
     00000885  _hide_sprites_range                Metasprites
     000008B5  .sgb_check                         
     000008B5  _sgb_check                         
     000008FD  _sgb_transfer                      
     00000902  .sgb_transfer                      
     00000943  ___move_metasprite                 Metasprites
     00000982  _cpu_slow                          CGB
ASxxxx Linker V03.00 + NoICE + sdld,  page 21.
Hexadecimal  [32-Bits]

Area                                    Addr        Size        Decimal Bytes (Attributes)
--------------------------------        ----        ----        ------- ----- ------------
_CODE                               00000200    000007A4 =        1956. bytes (REL,CON)

      Value  Global                              Global Defined In Module
      -----  --------------------------------   ------------------------
     0000099D  _cpu_fast                          CGB
ASxxxx Linker V03.00 + NoICE + sdld,  page 22.
Hexadecimal  [32-Bits]

Area                                    Addr        Size        Decimal Bytes (Attributes)
--------------------------------        ----        ----        ------- ----- ------------
_HEADER0                            00000000    00000001 =           1. bytes (ABS,CON)

      Value  Global                              Global Defined In Module
      -----  --------------------------------   ------------------------
     00000020  .call_hl                           Runtime

ASxxxx Linker V03.00 + NoICE + sdld,  page 23.
Hexadecimal  [32-Bits]

Area                                    Addr        Size        Decimal Bytes (Attributes)
--------------------------------        ----        ----        ------- ----- ------------
_HEADER1                            00000000    00000005 =           5. bytes (ABS,CON)

      Value  Global                              Global Defined In Module
      -----  --------------------------------   ------------------------
     00000028  .MemsetSmall                       Runtime

ASxxxx Linker V03.00 + NoICE + sdld,  page 24.
Hexadecimal  [32-Bits]

Area                                    Addr        Size        Decimal Bytes (Attributes)
--------------------------------        ----        ----        ------- ----- ------------
_HEADER2                            00000000    00000007 =           7. bytes (ABS,CON)

      Value  Global                              Global Defined In Module
      -----  --------------------------------   ------------------------
     00000030  .MemcpySmall                       Runtime

ASxxxx Linker V03.00 + NoICE + sdld,  page 25.
Hexadecimal  [32-Bits]

Area                                    Addr        Size        Decimal Bytes (Attributes)
--------------------------------        ----        ----        ------- ----- ------------
_HEADER3                            00000000    00000008 =           8. bytes (ABS,CON)

      Value  Global                              Global Defined In Module
      -----  --------------------------------   ------------------------
ASxxxx Linker V03.00 + NoICE + sdld,  page 26.
Hexadecimal  [32-Bits]

Area                                    Addr        Size        Decimal Bytes (Attributes)
--------------------------------        ----        ----        ------- ----- ------------
_HEADER4                            00000000    0000004E =          78. bytes (ABS,CON)

      Value  Global                              Global Defined In Module
      -----  --------------------------------   ------------------------
     00000080  .int                               Runtime
     0000008F  _wait_int_handler                  Runtime
     0000009C  __standard_VBL_handler             Runtime
     000000AC  _refresh_OAM                       Runtime

ASxxxx Linker V03.00 + NoICE + sdld,  page 27.
Hexadecimal  [32-Bits]

Area                                    Addr        Size        Decimal Bytes (Attributes)
--------------------------------        ----        ----        ------- ----- ------------
_HEADER5                            00000000    00000002 =           2. bytes (ABS,CON)

      Value  Global                              Global Defined In Module
      -----  --------------------------------   ------------------------
ASxxxx Linker V03.00 + NoICE + sdld,  page 28.
Hexadecimal  [32-Bits]

Area                                    Addr        Size        Decimal Bytes (Attributes)
--------------------------------        ----        ----        ------- ----- ------------
_HEADER6                            00000000    00000030 =          48. bytes (ABS,CON)

      Value  Global                              Global Defined In Module
      -----  --------------------------------   ------------------------
ASxxxx Linker V03.00 + NoICE + sdld,  page 29.
Hexadecimal  [32-Bits]

Area                                    Addr        Size        Decimal Bytes (Attributes)
--------------------------------        ----        ----        ------- ----- ------------
_HEADER7                            00000000    00000006 =           6. bytes (ABS,CON)

      Value  Global                              Global Defined In Module
      -----  --------------------------------   ------------------------
ASxxxx Linker V03.00 + NoICE + sdld,  page 30.
Hexadecimal  [32-Bits]

Area                                    Addr        Size        Decimal Bytes (Attributes)
--------------------------------        ----        ----        ------- ----- ------------
_HEADER8                            00000000    00000003 =           3. bytes (ABS,CON)

      Value  Global                              Global Defined In Module
      -----  --------------------------------   ------------------------
ASxxxx Linker V03.00 + NoICE + sdld,  page 31.
Hexadecimal  [32-Bits]

Area                                    Addr        Size        Decimal Bytes (Attributes)
--------------------------------        ----        ----        ------- ----- ------------
_HEADER9                            00000000    00000001 =           1. bytes (ABS,CON)

      Value  Global                              Global Defined In Module
      -----  --------------------------------   ------------------------
ASxxxx Linker V03.00 + NoICE + sdld,  page 32.
Hexadecimal  [32-Bits]

Area                                    Addr        Size        Decimal Bytes (Attributes)
--------------------------------        ----        ----        ------- ----- ------------
_HEADERa                            00000000    00000001 =           1. bytes (ABS,CON)

      Value  Global                              Global Defined In Module
      -----  --------------------------------   ------------------------
ASxxxx Linker V03.00 + NoICE + sdld,  page 33.
Hexadecimal  [32-Bits]

Area                                    Addr        Size        Decimal Bytes (Attributes)
--------------------------------        ----        ----        ------- ----- ------------
_HEADERb                            00000000    00000001 =           1. bytes (ABS,CON)

      Value  Global                              Global Defined In Module
      -----  --------------------------------   ------------------------
ASxxxx Linker V03.00 + NoICE + sdld,  page 34.
Hexadecimal  [32-Bits]

Area                                    Addr        Size        Decimal Bytes (Attributes)
--------------------------------        ----        ----        ------- ----- ------------
_HEADERc                            00000000    00000002 =           2. bytes (ABS,CON)

      Value  Global                              Global Defined In Module
      -----  --------------------------------   ------------------------
ASxxxx Linker V03.00 + NoICE + sdld,  page 35.
Hexadecimal  [32-Bits]

Area                                    Addr        Size        Decimal Bytes (Attributes)
--------------------------------        ----        ----        ------- ----- ------------
_HEADERd                            00000000    00000001 =           1. bytes (ABS,CON)

      Value  Global                              Global Defined In Module
      -----  --------------------------------   ------------------------
ASxxxx Linker V03.00 + NoICE + sdld,  page 36.
Hexadecimal  [32-Bits]

Area                                    Addr        Size        Decimal Bytes (Attributes)
--------------------------------        ----        ----        ------- ----- ------------
_HEADERe                            00000000    00000001 =           1. bytes (ABS,CON)

      Value  Global                              Global Defined In Module
      -----  --------------------------------   ------------------------
ASxxxx Linker V03.00 + NoICE + sdld,  page 37.
Hexadecimal  [32-Bits]

Area                                    Addr        Size        Decimal Bytes (Attributes)
--------------------------------        ----        ----        ------- ----- ------------
_HEADERf                            00000000    00000002 =           2. bytes (ABS,CON)

      Value  Global                              Global Defined In Module
      -----  --------------------------------   ------------------------
ASxxxx Linker V03.00 + NoICE + sdld,  page 38.
Hexadecimal  [32-Bits]

Area                                    Addr        Size        Decimal Bytes (Attributes)
--------------------------------        ----        ----        ------- ----- ------------
_HEADER10                           00000000    00000082 =         130. bytes (ABS,CON)

      Value  Global                              Global Defined In Module
      -----  --------------------------------   ------------------------
     00000150  .reset                             Runtime
     00000150  _reset                             Runtime
     00000157  .code_start                        Runtime
     000001B7  _exit                              Runtime
     000001BB  _set_interrupts                    Runtime

[...]
C:/Users/Juan/AppData/Local/Temp/_gbsbuild/obj/sprite_car01_tileset.rel
                                          [ sprite_car01_tileset ]
C:/Users/Juan/AppData/Local/Temp/_gbsbuild/obj/sprite_car01.rel
                                          [ sprite_car01 ]
C:/Users/Juan/AppData/Local/Temp/_gbsbuild/obj/sprite_car02_tileset.rel
                                          [ sprite_car02_tileset ]
C:/Users/Juan/AppData/Local/Temp/_gbsbuild/obj/sprite_car02.rel
                                          [ sprite_car02 ]
C:/Users/Juan/AppData/Local/Temp/_gbsbuild/obj/sprite_car04_tileset.rel
                                          [ sprite_car04_tileset ]
C:/Users/Juan/AppData/Local/Temp/_gbsbuild/obj/sprite_car04.rel
                                          [ sprite_car04 ]
C:/Users/Juan/AppData/Local/Temp/_gbsbuild/obj/sprite_carlos_copy_0_tileset.rel
                                          [ sprite_carlos_copy_0_tileset ]
C:/Users/Juan/AppData/Local/Temp/_gbsbuild/obj/sprite_carlos_copy_0.rel
                                          [ sprite_carlos_copy_0 ]
C:/Users/Juan/AppData/Local/Temp/_gbsbuild/obj/sprite_carlos_copy_1_tileset.rel
                                          [ sprite_carlos_copy_1_tileset ]
C:/Users/Juan/AppData/Local/Temp/_gbsbuild/obj/sprite_carlos_copy_1.rel
                                          [ sprite_carlos_copy_1 ]
C:/Users/Juan/AppData/Local/Temp/_gbsbuild/obj/sprite_carlos_copy_tileset.rel
                                          [ sprite_carlos_copy_tileset ]
C:/Users/Juan/AppData/Local/Temp/_gbsbuild/obj/sprite_carlos_copy.rel
                                          [ sprite_carlos_copy ]
C:/Users/Juan/AppData/Local/Temp/_gbsbuild/obj/sprite_cat_tileset.rel
                                          [ sprite_cat_tileset ]
C:/Users/Juan/AppData/Local/Temp/_gbsbuild/obj/sprite_cat.rel
                                          [ sprite_cat ]
C:/Users/Juan/AppData/Local/Temp/_gbsbuild/obj/sprite_chest_tileset.rel
                                          [ sprite_chest_tileset ]
C:/Users/Juan/AppData/Local/Temp/_gbsbuild/obj/sprite_chest.rel
                                          [ sprite_chest ]
C:/Users/Juan/AppData/Local/Temp/_gbsbuild/obj/sprite_cleaning_lady_copy_tileset.rel
                                          [ sprite_cleaning_lady_copy_tilese ]
C:/Users/Juan/AppData/Local/Temp/_gbsbuild/obj/sprite_cleaning_lady_copy.rel
                                          [ sprite_cleaning_lady_copy ]
C:/Users/Juan/AppData/Local/Temp/_gbsbuild/obj/sprite_dead_body_copy_tileset.rel
                                          [ sprite_dead_body_copy_tileset ]
C:/Users/Juan/AppData/Local/Temp/_gbsbuild/obj/sprite_dead_body_copy.rel
                                          [ sprite_dead_body_copy ]
C:/Users/Juan/AppData/Local/Temp/_gbsbuild/obj/sprite_dog_tileset.rel
                                          [ sprite_dog_tileset ]
C:/Users/Juan/AppData/Local/Temp/_gbsbuild/obj/sprite_dog.rel
                                          [ sprite_dog ]
C:/Users/Juan/AppData/Local/Temp/_gbsbuild/obj/sprite_hidden_stairs_tileset.rel
                                          [ sprite_hidden_stairs_tileset ]
C:/Users/Juan/AppData/Local/Temp/_gbsbuild/obj/sprite_hidden_stairs.rel
                                          [ sprite_hidden_stairs ]
C:/Users/Juan/AppData/Local/Temp/_gbsbuild/obj/sprite_ice_tileset.rel
                                          [ sprite_ice_tileset ]
C:/Users/Juan/AppData/Local/Temp/_gbsbuild/obj/sprite_ice.rel
                                          [ sprite_ice ]
C:/Users/Juan/AppData/Local/Temp/_gbsbuild/obj/sprite_juan_copy_0_tileset.rel
                                          [ sprite_juan_copy_0_tileset ]
C:/Users/Juan/AppData/Local/Temp/_gbsbuild/obj/sprite_juan_copy_0.rel
                                          [ sprite_juan_copy_0 ]
C:/Users/Juan/AppData/Local/Temp/_gbsbuild/obj/sprite_juan_copy_1_tileset.rel
                                          [ sprite_juan_copy_1_tileset ]
C:/Users/Juan/AppData/Local/Temp/_gbsbuild/obj/sprite_juan_copy_1.rel
                                          [ sprite_juan_copy_1 ]
C:/Users/Juan/AppData/Local/Temp/_gbsbuild/obj/sprite_juan_copy_2_tileset.rel
                                          [ sprite_juan_copy_2_tileset ]
C:/Users/Juan/AppData/Local/Temp/_gbsbuild/obj/sprite_juan_copy_2.rel
                                          [ sprite_juan_copy_2 ]
C:/Users/Juan/AppData/Local/Temp/_gbsbuild/obj/sprite_juan_copy_tileset.rel
                                          [ sprite_juan_copy_tileset ]
C:/Users/Juan/AppData/Local/Temp/_gbsbuild/obj/sprite_juan_copy.rel
                                          [ sprite_juan_copy ]
C:/Users/Juan/AppData/Local/Temp/_gbsbuild/obj/sprite_juan_tileset.rel
                                          [ sprite_juan_tileset ]
C:/Users/Juan/AppData/Local/Temp/_gbsbuild/obj/sprite_juan.rel
                                          [ sprite_juan ]
C:/Users/Juan/AppData/Local/Temp/_gbsbuild/obj/sprite_matthew_tileset.rel
                                          [ sprite_matthew_tileset ]
C:/Users/Juan/AppData/Local/Temp/_gbsbuild/obj/sprite_matthew.rel
                                          [ sprite_matthew ]
C:/Users/Juan/AppData/Local/Temp/_gbsbuild/obj/sprite_mouse_tileset.rel
                                          [ sprite_mouse_tileset ]
C:/Users/Juan/AppData/Local/Temp/_gbsbuild/obj/sprite_mouse.rel
                                          [ sprite_mouse ]
C:/Users/Juan/AppData/Local/Temp/_gbsbuild/obj/sprite_npc_1_tileset.rel
                                          [ sprite_npc_1_tileset ]
C:/Users/Juan/AppData/Local/Temp/_gbsbuild/obj/sprite_npc_1.rel
                                          [ sprite_npc_1 ]
C:/Users/Juan/AppData/Local/Temp/_gbsbuild/obj/sprite_npc_2_tileset.rel
                                          [ sprite_npc_2_tileset ]
C:/Users/Juan/AppData/Local/Temp/_gbsbuild/obj/sprite_npc_2.rel
                                          [ sprite_npc_2 ]
C:/Users/Juan/AppData/Local/Temp/_gbsbuild/obj/sprite_npc_3_copy_tileset.rel
                                          [ sprite_npc_3_copy_tileset ]
C:/Users/Juan/AppData/Local/Temp/_gbsbuild/obj/sprite_npc_3_copy.rel
                                          [ sprite_npc_3_copy ]
C:/Users/Juan/AppData/Local/Temp/_gbsbuild/obj/sprite_npc_3_tileset.rel
                                          [ sprite_npc_3_tileset ]
C:/Users/Juan/AppData/Local/Temp/_gbsbuild/obj/sprite_npc_3.rel
                                          [ sprite_npc_3 ]
C:/Users/Juan/AppData/Local/Temp/_gbsbuild/obj/sprite_npc_4_tileset.rel
                                          [ sprite_npc_4_tileset ]
C:/Users/Juan/AppData/Local/Temp/_gbsbuild/obj/sprite_npc_4.rel
                                          [ sprite_npc_4 ]
C:/Users/Juan/AppData/Local/Temp/_gbsbuild/obj/sprite_officer_1_copy_tileset.rel
                                          [ sprite_officer_1_copy_tileset ]
C:/Users/Juan/AppData/Local/Temp/_gbsbuild/obj/sprite_officer_1_copy.rel
                                          [ sprite_officer_1_copy ]
C:/Users/Juan/AppData/Local/Temp/_gbsbuild/obj/sprite_player_copy_tileset.rel
                                          [ sprite_player_copy_tileset ]
C:/Users/Juan/AppData/Local/Temp/_gbsbuild/obj/sprite_player_copy.rel
                                          [ sprite_player_copy ]
C:/Users/Juan/AppData/Local/Temp/_gbsbuild/obj/sprite_player_tileset.rel
                                          [ sprite_player_tileset ]
C:/Users/Juan/AppData/Local/Temp/_gbsbuild/obj/sprite_player.rel
                                          [ sprite_player ]
C:/Users/Juan/AppData/Local/Temp/_gbsbuild/obj/sprite_rock_tileset.rel
                                          [ sprite_rock_tileset ]
C:/Users/Juan/AppData/Local/Temp/_gbsbuild/obj/sprite_rock.rel
                                          [ sprite_rock ]
C:/Users/Juan/AppData/Local/Temp/_gbsbuild/obj/sprite_seth_tileset.rel
                                          [ sprite_seth_tileset ]
C:/Users/Juan/AppData/Local/Temp/_gbsbuild/obj/sprite_seth.rel
                                          [ sprite_seth ]
C:/Users/Juan/AppData/Local/Temp/_gbsbuild/obj/sprite_signpost_tileset.rel
                                          [ sprite_signpost_tileset ]
C:/Users/Juan/AppData/Local/Temp/_gbsbuild/obj/sprite_signpost.rel
                                          [ sprite_signpost ]
C:/Users/Juan/AppData/Local/Temp/_gbsbuild/obj/sprite_snake_tileset.rel
                                          [ sprite_snake_tileset ]
C:/Users/Juan/AppData/Local/Temp/_gbsbuild/obj/sprite_snake.rel
                                          [ sprite_snake ]
C:/Users/Juan/AppData/Local/Temp/_gbsbuild/obj/sprite_static_tileset.rel
                                          [ sprite_static_tileset ]
C:/Users/Juan/AppData/Local/Temp/_gbsbuild/obj/sprite_static.rel
                                          [ sprite_static ]
C:/Users/Juan/AppData/Local/Temp/_gbsbuild/obj/sprite_vent_5_tileset.rel
                                          [ sprite_vent_5_tileset ]
C:/Users/Juan/AppData/Local/Temp/_gbsbuild/obj/sprite_vent_5.rel
                                          [ sprite_vent_5 ]
C:/Users/Juan/AppData/Local/Temp/_gbsbuild/obj/spritesheet_none.rel
                                          [ spritesheet_none ]
C:/Users/Juan/AppData/Local/Temp/_gbsbuild/obj/trigger_0_interact.rel
                                          [ trigger_0_interact ]
C:/Users/Juan/AppData/Local/Temp/_gbsbuild/obj/trigger_1_interact.rel
                                          [ trigger_1_interact ]
C:/Users/Juan/AppData/Local/Temp/_gbsbuild/obj/trigger_10_interact.rel
                                          [ trigger_10_interact ]
C:/Users/Juan/AppData/Local/Temp/_gbsbuild/obj/trigger_11_interact.rel
                                          [ trigger_11_interact ]
C:/Users/Juan/AppData/Local/Temp/_gbsbuild/obj/trigger_12_interact.rel
                                          [ trigger_12_interact ]
C:/Users/Juan/AppData/Local/Temp/_gbsbuild/obj/trigger_13_interact.rel
                                          [ trigger_13_interact ]
C:/Users/Juan/AppData/Local/Temp/_gbsbuild/obj/trigger_14_interact.rel
                                          [ trigger_14_interact ]
C:/Users/Juan/AppData/Local/Temp/_gbsbuild/obj/trigger_15_interact.rel
                                          [ trigger_15_interact ]
C:/Users/Juan/AppData/Local/Temp/_gbsbuild/obj/trigger_16_interact.rel
                                          [ trigger_16_interact ]
C:/Users/Juan/AppData/Local/Temp/_gbsbuild/obj/trigger_17_interact.rel
                                          [ trigger_17_interact ]
C:/Users/Juan/AppData/Local/Temp/_gbsbuild/obj/trigger_18_interact.rel
                                          [ trigger_18_interact ]
C:/Users/Juan/AppData/Local/Temp/_gbsbuild/obj/trigger_19_interact.rel
                                          [ trigger_19_interact ]
C:/Users/Juan/AppData/Local/Temp/_gbsbuild/obj/trigger_2_interact.rel
                                          [ trigger_2_interact ]
C:/Users/Juan/AppData/Local/Temp/_gbsbuild/obj/trigger_20_interact.rel
                                          [ trigger_20_interact ]
C:/Users/Juan/AppData/Local/Temp/_gbsbuild/obj/trigger_21_interact.rel
                                          [ trigger_21_interact ]
C:/Users/Juan/AppData/Local/Temp/_gbsbuild/obj/trigger_22_interact.rel
                                          [ trigger_22_interact ]
C:/Users/Juan/AppData/Local/Temp/_gbsbuild/obj/trigger_23_interact.rel
                                          [ trigger_23_interact ]
C:/Users/Juan/AppData/Local/Temp/_gbsbuild/obj/trigger_24_interact.rel
                                          [ trigger_24_interact ]
C:/Users/Juan/AppData/Local/Temp/_gbsbuild/obj/trigger_25_interact.rel
                                          [ trigger_25_interact ]
C:/Users/Juan/AppData/Local/Temp/_gbsbuild/obj/trigger_26_interact.rel
                                          [ trigger_26_interact ]
C:/Users/Juan/AppData/Local/Temp/_gbsbuild/obj/trigger_27_interact.rel
                                          [ trigger_27_interact ]
C:/Users/Juan/AppData/Local/Temp/_gbsbuild/obj/trigger_28_interact.rel
                                          [ trigger_28_interact ]
C:/Users/Juan/AppData/Local/Temp/_gbsbuild/obj/trigger_29_interact.rel
                                          [ trigger_29_interact ]
C:/Users/Juan/AppData/Local/Temp/_gbsbuild/obj/trigger_3_interact.rel
                                          [ trigger_3_interact ]
C:/Users/Juan/AppData/Local/Temp/_gbsbuild/obj/trigger_30_interact.rel
                                          [ trigger_30_interact ]
C:/Users/Juan/AppData/Local/Temp/_gbsbuild/obj/trigger_31_interact.rel
                                          [ trigger_31_interact ]
C:/Users/Juan/AppData/Local/Temp/_gbsbuild/obj/trigger_32_interact.rel
                                          [ trigger_32_interact ]
C:/Users/Juan/AppData/Local/Temp/_gbsbuild/obj/trigger_33_interact.rel
                                          [ trigger_33_interact ]
C:/Users/Juan/AppData/Local/Temp/_gbsbuild/obj/trigger_34_interact.rel
                                          [ trigger_34_interact ]
C:/Users/Juan/AppData/Local/Temp/_gbsbuild/obj/trigger_35_interact.rel
                                          [ trigger_35_interact ]
C:/Users/Juan/AppData/Local/Temp/_gbsbuild/obj/trigger_36_interact.rel
                                          [ trigger_36_interact ]
C:/Users/Juan/AppData/Local/Temp/_gbsbuild/obj/trigger_37_interact.rel
                                          [ trigger_37_interact ]
C:/Users/Juan/AppData/Local/Temp/_gbsbuild/obj/trigger_38_interact.rel
                                          [ trigger_38_interact ]
C:/Users/Juan/AppData/Local/Temp/_gbsbuild/obj/trigger_4_interact.rel
                                          [ trigger_4_interact ]
C:/Users/Juan/AppData/Local/Temp/_gbsbuild/obj/trigger_5_interact.rel
                                          [ trigger_5_interact ]
C:/Users/Juan/AppData/Local/Temp/_gbsbuild/obj/trigger_6_interact.rel
                                          [ trigger_6_interact ]
C:/Users/Juan/AppData/Local/Temp/_gbsbuild/obj/trigger_7_interact.rel
                                          [ trigger_7_interact ]
C:/Users/Juan/AppData/Local/Temp/_gbsbuild/obj/trigger_8_interact.rel
                                          [ trigger_8_interact ]
C:/Users/Juan/AppData/Local/Temp/_gbsbuild/obj/trigger_9_interact.rel
                                          [ trigger_9_interact ]
C:/Users/Juan/AppData/Local/Temp/_gbsbuild/obj/main.rel
                                          [ main ]
C:/Users/Juan/AppData/Local/Temp/_gbsbuild/obj/adventure.rel
                                          [ adventure ]
C:/Users/Juan/AppData/Local/Temp/_gbsbuild/obj/logo.rel
                                          [ logo ]
C:/Users/Juan/AppData/Local/Temp/_gbsbuild/obj/platform.rel
                                          [ platform ]
C:/Users/Juan/AppData/Local/Temp/_gbsbuild/obj/pointnclick.rel
                                          [ pointnclick ]
C:/Users/Juan/AppData/Local/Temp/_gbsbuild/obj/shmup.rel
                                          [ shmup ]
C:/Users/Juan/AppData/Local/Temp/_gbsbuild/obj/states_ptrs.rel
                                          [  ]
C:/Users/Juan/AppData/Local/Temp/_gbsbuild/obj/topdown.rel
                                          [ topdown ]


Libraries Linked                          [ object file ]

C:\Users\Juan\AppData\Local\Temp/_gbstools/gbdk/lib/small/asxxxx/gb/gb.lib
                                          [ fill_rect_wi.o ]
C:\Users\Juan\AppData\Local\Temp/_gbstools/gbdk/lib/small/asxxxx/gbz80/gbz80.lib
                                          [ rand.o ]
C:\Users\Juan\AppData\Local\Temp/_gbstools/gbdk/lib/small/asxxxx/gb/gb.lib
                                          [ sfr.o ]
C:\Users\Juan\AppData\Local\Temp/_gbstools/gbdk/lib/small/asxxxx/gb/gb.lib
                                          [ get_data.o ]
C:\Users\Juan\AppData\Local\Temp/_gbstools/gbdk/lib/small/asxxxx/gb/gb.lib
                                          [ get_tile.o ]
C:\Users\Juan\AppData\Local\Temp/_gbstools/gbdk/lib/small/asxxxx/gb/gb.lib
                                          [ cgb_palettes.o ]
lib/gbt_player.lib                        [ gbt_player.o ]
C:\Users\Juan\AppData\Local\Temp/_gbstools/gbdk/lib/small/asxxxx/gb/gb.lib
                                          [ metasprites_hide_spr.o ]
C:\Users\Juan\AppData\Local\Temp/_gbstools/gbdk/lib/small/asxxxx/gbz80/gbz80.lib
                                          [ mul.o ]
C:\Users\Juan\AppData\Local\Temp/_gbstools/gbdk/lib/small/asxxxx/gbz80/gbz80.lib
                                          [ abs.o ]
C:\Users\Juan\AppData\Local\Temp/_gbstools/gbdk/lib/small/asxxxx/gb/gb.lib
                                          [ set_wi_t.o ]
C:\Users\Juan\AppData\Local\Temp/_gbstools/gbdk/lib/small/asxxxx/gb/gb.lib
                                          [ set_data.o ]
C:\Users\Juan\AppData\Local\Temp/_gbstools/gbdk/lib/small/asxxxx/gbz80/gbz80.lib
                                          [ reverse.o ]
C:\Users\Juan\AppData\Local\Temp/_gbstools/gbdk/lib/small/asxxxx/gb/gb.lib
                                          [ far_ptr.o ]
C:\Users\Juan\AppData\Local\Temp/_gbstools/gbdk/lib/small/asxxxx/gb/gb.lib
                                          [ sgb.o ]
C:\Users\Juan\AppData\Local\Temp/_gbstools/gbdk/lib/small/asxxxx/gb/gb.lib
                                          [ lcd.o ]
C:\Users\Juan\AppData\Local\Temp/_gbstools/gbdk/lib/small/asxxxx/gb/gb.lib
                                          [ fill_rect.o ]
C:\Users\Juan\AppData\Local\Temp/_gbstools/gbdk/lib/small/asxxxx/gb/gb.lib
                                          [ pad_ex.o ]
C:\Users\Juan\AppData\Local\Temp/_gbstools/gbdk/lib/small/asxxxx/gb/gb.lib
                                          [ cpy_data.o ]
C:\Users\Juan\AppData\Local\Temp/_gbstools/gbdk/lib/small/asxxxx/gb/gb.lib
                                          [ fill_rect_bk.o ]
C:\Users\Juan\AppData\Local\Temp/_gbstools/gbdk/lib/small/asxxxx/gb/gb.lib
                                          [ metasprites.o ]
C:\Users\Juan\AppData\Local\Temp/_gbstools/gbdk/lib/small/asxxxx/gbz80/gbz80.lib
                                          [ __sdcc_call_hl.o ]
C:\Users\Juan\AppData\Local\Temp/_gbstools/gbdk/lib/small/asxxxx/gbz80/gbz80.lib
                                          [ _memcpy.o ]
C:\Users\Juan\AppData\Local\Temp/_gbstools/gbdk/lib/small/asxxxx/gbz80/gbz80.lib
                                          [ _memset.o ]
C:\Users\Juan\AppData\Local\Temp/_gbstools/gbdk/lib/small/asxxxx/gb/gb.lib
                                          [ set_xy_t.o ]
C:\Users\Juan\AppData\Local\Temp/_gbstools/gbdk/lib/small/asxxxx/gb/gb.lib
                                          [ cgb.o ]
C:\Users\Juan\AppData\Local\Temp/_gbstools/gbdk/lib/small/asxxxx/gbz80/gbz80.lib
                                          [ div.o ]
C:\Users\Juan\AppData\Local\Temp/_gbstools/gbdk/lib/small/asxxxx/gb/gb.lib
                                          [ set_bk_t.o ]
lib/gbt_player.lib                        [ gbt_player_bank1.o ]

ASxxxx Linker V03.00 + NoICE + sdld,  page 91.

User Base Address Definitions

_DATA=0xC0A0
_CODE=0x0200
ASxxxx Linker V03.00 + NoICE + sdld,  page 92.

User Global Definitions

.STACK=0xDF00
_shadow_OAM=0xC000
.refresh_OAM=0xFF80
__start_save=12

